// Jest Snapshot v1, https://goo.gl/fbAQLP

exports[`Calculator matches the snapshot 1`] = `
<DocumentFragment>
  <h3
    class="header"
  >
    Let's do some math...
  </h3>
  <div
    class="Calc"
  >
    <div
      class="row1 Display"
    >
      0
    </div>
    <div
      class="row2"
    >
      <button
        class="Calc-button"
        type="button"
      >
        AC
      </button>
      <button
        class="Calc-button"
        type="button"
      >
        +/-
      </button>
      <button
        class="Calc-button"
        type="button"
      >
        %
      </button>
      <button
        class="Calc-button Calc-operator"
        type="button"
      >
        รท
      </button>
    </div>
    <div
      class="row3"
    >
      <button
        class="Calc-button"
        type="button"
      >
        7
      </button>
      <button
        class="Calc-button"
        type="button"
      >
        8
      </button>
      <button
        class="Calc-button"
        type="button"
      >
        9
      </button>
      <button
        class="Calc-button Calc-operator"
        type="button"
      >
        x
      </button>
    </div>
    <div
      class="row4"
    >
      <button
        class="Calc-button"
        type="button"
      >
        4
      </button>
      <button
        class="Calc-button"
        type="button"
      >
        5
      </button>
      <button
        class="Calc-button"
        type="button"
      >
        6
      </button>
      <button
        class="Calc-button Calc-operator"
        type="button"
      >
        -
      </button>
    </div>
    <div
      class="row5"
    >
      <button
        class="Calc-button"
        type="button"
      >
        1
      </button>
      <button
        class="Calc-button"
        type="button"
      >
        2
      </button>
      <button
        class="Calc-button"
        type="button"
      >
        3
      </button>
      <button
        class="Calc-button Calc-operator"
        type="button"
      >
        +
      </button>
    </div>
    <div
      class="row6"
    >
      <button
        class="Calc-button-zero"
        type="button"
      >
        0
      </button>
      <button
        class="Calc-button"
        type="button"
      >
        .
      </button>
      <button
        class="Calc-button Calc-operator"
        type="button"
      >
        =
      </button>
    </div>
  </div>
</DocumentFragment>
`;
