// Jest Snapshot v1, https://goo.gl/fbAQLP

exports[`Quote matches the snapshot 1`] = `
Array [
  <h3
    className="header"
  >
    Quote
  </h3>,
  <p
    className="math-quote"
  >
    As far as the laws of mathematics refer to reality, they are not certain, and as far as they are certain, they do not refer to reality.
    <strong>
       ~ Albert Einstein
    </strong>
  </p>,
]
`;
